  Determining projects to restore...
  All projects are up-to-date for restore.
C:\Projects\race-committee\api\Models\DTOs\BoatDto.cs(22,23): warning CS8618: Non-nullable property 'BoatName' must contain a non-null value when exiting constructor. Consider adding the 'required' modifier or declaring the property as nullable. [C:\Projects\race-committee\api\api.csproj]
C:\Projects\race-committee\api\Models\DTOs\BoatDto.cs(23,23): warning CS8618: Non-nullable property 'SailNumber' must contain a non-null value when exiting constructor. Consider adding the 'required' modifier or declaring the property as nullable. [C:\Projects\race-committee\api\api.csproj]
C:\Projects\race-committee\api\Models\DTOs\BoatDto.cs(24,23): warning CS8618: Non-nullable property 'MakeModel' must contain a non-null value when exiting constructor. Consider adding the 'required' modifier or declaring the property as nullable. [C:\Projects\race-committee\api\api.csproj]
C:\Projects\race-committee\api\Models\DTOs\BoatDto.cs(14,23): warning CS8618: Non-nullable property 'BoatName' must contain a non-null value when exiting constructor. Consider adding the 'required' modifier or declaring the property as nullable. [C:\Projects\race-committee\api\api.csproj]
C:\Projects\race-committee\api\Models\DTOs\BoatDto.cs(15,23): warning CS8618: Non-nullable property 'SailNumber' must contain a non-null value when exiting constructor. Consider adding the 'required' modifier or declaring the property as nullable. [C:\Projects\race-committee\api\api.csproj]
C:\Projects\race-committee\api\Models\DTOs\BoatDto.cs(16,23): warning CS8618: Non-nullable property 'MakeModel' must contain a non-null value when exiting constructor. Consider adding the 'required' modifier or declaring the property as nullable. [C:\Projects\race-committee\api\api.csproj]
C:\Projects\race-committee\api\Models\DTOs\BoatDto.cs(6,23): warning CS8618: Non-nullable property 'BoatName' must contain a non-null value when exiting constructor. Consider adding the 'required' modifier or declaring the property as nullable. [C:\Projects\race-committee\api\api.csproj]
C:\Projects\race-committee\api\Models\DTOs\BoatDto.cs(7,23): warning CS8618: Non-nullable property 'SailNumber' must contain a non-null value when exiting constructor. Consider adding the 'required' modifier or declaring the property as nullable. [C:\Projects\race-committee\api\api.csproj]
C:\Projects\race-committee\api\Models\DTOs\BoatDto.cs(8,23): warning CS8618: Non-nullable property 'MakeModel' must contain a non-null value when exiting constructor. Consider adding the 'required' modifier or declaring the property as nullable. [C:\Projects\race-committee\api\api.csproj]
C:\Projects\race-committee\api\Models\RegattaCommittee.cs(13,24): warning CS8618: Non-nullable property 'Regatta' must contain a non-null value when exiting constructor. Consider adding the 'required' modifier or declaring the property as nullable. [C:\Projects\race-committee\api\api.csproj]
C:\Projects\race-committee\api\Models\RegattaCommittee.cs(15,23): warning CS8618: Non-nullable property 'UserId' must contain a non-null value when exiting constructor. Consider adding the 'required' modifier or declaring the property as nullable. [C:\Projects\race-committee\api\api.csproj]
C:\Projects\race-committee\api\Models\RegattaCommittee.cs(16,32): warning CS8618: Non-nullable property 'User' must contain a non-null value when exiting constructor. Consider adding the 'required' modifier or declaring the property as nullable. [C:\Projects\race-committee\api\api.csproj]
C:\Projects\race-committee\api\Models\RegattaCommittee.cs(18,23): warning CS8618: Non-nullable property 'Role' must contain a non-null value when exiting constructor. Consider adding the 'required' modifier or declaring the property as nullable. [C:\Projects\race-committee\api\api.csproj]
C:\Projects\race-committee\api\Models\Regatta.cs(12,23): warning CS8618: Non-nullable property 'Slug' must contain a non-null value when exiting constructor. Consider adding the 'required' modifier or declaring the property as nullable. [C:\Projects\race-committee\api\api.csproj]
C:\Projects\race-committee\api\Models\Regatta.cs(15,23): warning CS8618: Non-nullable property 'Name' must contain a non-null value when exiting constructor. Consider adding the 'required' modifier or declaring the property as nullable. [C:\Projects\race-committee\api\api.csproj]
C:\Projects\race-committee\api\Models\Regatta.cs(17,23): warning CS8618: Non-nullable property 'Organization' must contain a non-null value when exiting constructor. Consider adding the 'required' modifier or declaring the property as nullable. [C:\Projects\race-committee\api\api.csproj]
C:\Projects\race-committee\api\Models\Regatta.cs(22,23): warning CS8618: Non-nullable property 'Location' must contain a non-null value when exiting constructor. Consider adding the 'required' modifier or declaring the property as nullable. [C:\Projects\race-committee\api\api.csproj]
C:\Projects\race-committee\api\Models\Regatta.cs(23,23): warning CS8618: Non-nullable property 'Status' must contain a non-null value when exiting constructor. Consider adding the 'required' modifier or declaring the property as nullable. [C:\Projects\race-committee\api\api.csproj]
C:\Projects\race-committee\api\Models\Regatta.cs(25,46): warning CS8618: Non-nullable property 'CommitteeMembers' must contain a non-null value when exiting constructor. Consider adding the 'required' modifier or declaring the property as nullable. [C:\Projects\race-committee\api\api.csproj]
C:\Projects\race-committee\api\Models\Regatta.cs(26,35): warning CS8618: Non-nullable property 'Fleets' must contain a non-null value when exiting constructor. Consider adding the 'required' modifier or declaring the property as nullable. [C:\Projects\race-committee\api\api.csproj]
C:\Projects\race-committee\api\Models\Regatta.cs(27,35): warning CS8618: Non-nullable property 'Entries' must contain a non-null value when exiting constructor. Consider adding the 'required' modifier or declaring the property as nullable. [C:\Projects\race-committee\api\api.csproj]
C:\Projects\race-committee\api\Models\Regatta.cs(28,34): warning CS8618: Non-nullable property 'Races' must contain a non-null value when exiting constructor. Consider adding the 'required' modifier or declaring the property as nullable. [C:\Projects\race-committee\api\api.csproj]
C:\Projects\race-committee\api\Models\RaceFleet.cs(10,21): warning CS8618: Non-nullable property 'Race' must contain a non-null value when exiting constructor. Consider adding the 'required' modifier or declaring the property as nullable. [C:\Projects\race-committee\api\api.csproj]
C:\Projects\race-committee\api\Models\RaceFleet.cs(13,22): warning CS8618: Non-nullable property 'Fleet' must contain a non-null value when exiting constructor. Consider adding the 'required' modifier or declaring the property as nullable. [C:\Projects\race-committee\api\api.csproj]
C:\Projects\race-committee\api\Models\RaceFleet.cs(22,23): warning CS8618: Non-nullable property 'ScoringParameters' must contain a non-null value when exiting constructor. Consider adding the 'required' modifier or declaring the property as nullable. [C:\Projects\race-committee\api\api.csproj]
C:\Projects\race-committee\api\Models\Race.cs(10,24): warning CS8618: Non-nullable property 'Regatta' must contain a non-null value when exiting constructor. Consider adding the 'required' modifier or declaring the property as nullable. [C:\Projects\race-committee\api\api.csproj]
C:\Projects\race-committee\api\Models\Race.cs(13,22): warning CS8618: Non-nullable property 'Fleet' must contain a non-null value when exiting constructor. Consider adding the 'required' modifier or declaring the property as nullable. [C:\Projects\race-committee\api\api.csproj]
C:\Projects\race-committee\api\Models\Race.cs(21,23): warning CS8618: Non-nullable property 'Name' must contain a non-null value when exiting constructor. Consider adding the 'required' modifier or declaring the property as nullable. [C:\Projects\race-committee\api\api.csproj]
C:\Projects\race-committee\api\Models\Race.cs(26,23): warning CS8618: Non-nullable property 'Status' must contain a non-null value when exiting constructor. Consider adding the 'required' modifier or declaring the property as nullable. [C:\Projects\race-committee\api\api.csproj]
C:\Projects\race-committee\api\Models\Race.cs(27,23): warning CS8618: Non-nullable property 'ScoringParameters' must contain a non-null value when exiting constructor. Consider adding the 'required' modifier or declaring the property as nullable. [C:\Projects\race-committee\api\api.csproj]
C:\Projects\race-committee\api\Models\Race.cs(29,39): warning CS8618: Non-nullable property 'ParticipatingFleets' must contain a non-null value when exiting constructor. Consider adding the 'required' modifier or declaring the property as nullable. [C:\Projects\race-committee\api\api.csproj]
C:\Projects\race-committee\api\Models\Race.cs(30,36): warning CS8618: Non-nullable property 'Finishes' must contain a non-null value when exiting constructor. Consider adding the 'required' modifier or declaring the property as nullable. [C:\Projects\race-committee\api\api.csproj]
C:\Projects\race-committee\api\Models\Fleet.cs(11,24): warning CS8618: Non-nullable property 'Regatta' must contain a non-null value when exiting constructor. Consider adding the 'required' modifier or declaring the property as nullable. [C:\Projects\race-committee\api\api.csproj]
C:\Projects\race-committee\api\Models\Fleet.cs(13,23): warning CS8618: Non-nullable property 'Name' must contain a non-null value when exiting constructor. Consider adding the 'required' modifier or declaring the property as nullable. [C:\Projects\race-committee\api\api.csproj]
C:\Projects\race-committee\api\Models\Fleet.cs(17,23): warning CS8618: Non-nullable property 'ScoringConfiguration' must contain a non-null value when exiting constructor. Consider adding the 'required' modifier or declaring the property as nullable. [C:\Projects\race-committee\api\api.csproj]
C:\Projects\race-committee\api\Models\Fleet.cs(19,35): warning CS8618: Non-nullable property 'Entries' must contain a non-null value when exiting constructor. Consider adding the 'required' modifier or declaring the property as nullable. [C:\Projects\race-committee\api\api.csproj]
C:\Projects\race-committee\api\Models\Fleet.cs(20,34): warning CS8618: Non-nullable property 'Races' must contain a non-null value when exiting constructor. Consider adding the 'required' modifier or declaring the property as nullable. [C:\Projects\race-committee\api\api.csproj]
C:\Projects\race-committee\api\Models\Fleet.cs(21,39): warning CS8618: Non-nullable property 'ParticipatingInRaces' must contain a non-null value when exiting constructor. Consider adding the 'required' modifier or declaring the property as nullable. [C:\Projects\race-committee\api\api.csproj]
C:\Projects\race-committee\api\Models\Finish.cs(12,21): warning CS8618: Non-nullable property 'Race' must contain a non-null value when exiting constructor. Consider adding the 'required' modifier or declaring the property as nullable. [C:\Projects\race-committee\api\api.csproj]
C:\Projects\race-committee\api\Models\Finish.cs(16,22): warning CS8618: Non-nullable property 'Entry' must contain a non-null value when exiting constructor. Consider adding the 'required' modifier or declaring the property as nullable. [C:\Projects\race-committee\api\api.csproj]
C:\Projects\race-committee\api\Models\Finish.cs(30,23): warning CS8618: Non-nullable property 'Code' must contain a non-null value when exiting constructor. Consider adding the 'required' modifier or declaring the property as nullable. [C:\Projects\race-committee\api\api.csproj]
C:\Projects\race-committee\api\Models\Finish.cs(32,23): warning CS8618: Non-nullable property 'Notes' must contain a non-null value when exiting constructor. Consider adding the 'required' modifier or declaring the property as nullable. [C:\Projects\race-committee\api\api.csproj]
C:\Projects\race-committee\api\Models\Entry.cs(12,24): warning CS8618: Non-nullable property 'Regatta' must contain a non-null value when exiting constructor. Consider adding the 'required' modifier or declaring the property as nullable. [C:\Projects\race-committee\api\api.csproj]
C:\Projects\race-committee\api\Models\Entry.cs(16,21): warning CS8618: Non-nullable property 'Boat' must contain a non-null value when exiting constructor. Consider adding the 'required' modifier or declaring the property as nullable. [C:\Projects\race-committee\api\api.csproj]
C:\Projects\race-committee\api\Models\Entry.cs(20,22): warning CS8618: Non-nullable property 'Fleet' must contain a non-null value when exiting constructor. Consider adding the 'required' modifier or declaring the property as nullable. [C:\Projects\race-committee\api\api.csproj]
C:\Projects\race-committee\api\Models\Entry.cs(24,28): warning CS8618: Non-nullable property 'ActiveCertificate' must contain a non-null value when exiting constructor. Consider adding the 'required' modifier or declaring the property as nullable. [C:\Projects\race-committee\api\api.csproj]
C:\Projects\race-committee\api\Models\Entry.cs(26,23): warning CS8618: Non-nullable property 'Configuration' must contain a non-null value when exiting constructor. Consider adding the 'required' modifier or declaring the property as nullable. [C:\Projects\race-committee\api\api.csproj]
C:\Projects\race-committee\api\Models\Entry.cs(28,23): warning CS8618: Non-nullable property 'RatingSnapshot' must contain a non-null value when exiting constructor. Consider adding the 'required' modifier or declaring the property as nullable. [C:\Projects\race-committee\api\api.csproj]
C:\Projects\race-committee\api\Models\Entry.cs(30,23): warning CS8618: Non-nullable property 'RegistrationStatus' must contain a non-null value when exiting constructor. Consider adding the 'required' modifier or declaring the property as nullable. [C:\Projects\race-committee\api\api.csproj]
C:\Projects\race-committee\api\Models\Entry.cs(32,36): warning CS8618: Non-nullable property 'Finishes' must contain a non-null value when exiting constructor. Consider adding the 'required' modifier or declaring the property as nullable. [C:\Projects\race-committee\api\api.csproj]
C:\Projects\race-committee\api\Models\DTOs\UpdateEntryDto.cs(7,23): warning CS8618: Non-nullable property 'RegistrationStatus' must contain a non-null value when exiting constructor. Consider adding the 'required' modifier or declaring the property as nullable. [C:\Projects\race-committee\api\api.csproj]
C:\Projects\race-committee\api\Models\DTOs\RegattaDetailsDto.cs(56,23): warning CS8618: Non-nullable property 'FleetName' must contain a non-null value when exiting constructor. Consider adding the 'required' modifier or declaring the property as nullable. [C:\Projects\race-committee\api\api.csproj]
C:\Projects\race-committee\api\Models\DTOs\RegattaDetailsDto.cs(40,23): warning CS8618: Non-nullable property 'Name' must contain a non-null value when exiting constructor. Consider adding the 'required' modifier or declaring the property as nullable. [C:\Projects\race-committee\api\api.csproj]
C:\Projects\race-committee\api\Models\DTOs\RegattaDetailsDto.cs(43,23): warning CS8618: Non-nullable property 'Status' must contain a non-null value when exiting constructor. Consider adding the 'required' modifier or declaring the property as nullable. [C:\Projects\race-committee\api\api.csproj]
C:\Projects\race-committee\api\Models\DTOs\RegattaDetailsDto.cs(49,42): warning CS8618: Non-nullable property 'RaceFleets' must contain a non-null value when exiting constructor. Consider adding the 'required' modifier or declaring the property as nullable. [C:\Projects\race-committee\api\api.csproj]
C:\Projects\race-committee\api\Models\DTOs\RegattaDetailsDto.cs(29,23): warning CS8618: Non-nullable property 'BoatName' must contain a non-null value when exiting constructor. Consider adding the 'required' modifier or declaring the property as nullable. [C:\Projects\race-committee\api\api.csproj]
C:\Projects\race-committee\api\Models\DTOs\RegattaDetailsDto.cs(30,23): warning CS8618: Non-nullable property 'BoatType' must contain a non-null value when exiting constructor. Consider adding the 'required' modifier or declaring the property as nullable. [C:\Projects\race-committee\api\api.csproj]
C:\Projects\race-committee\api\Models\DTOs\RegattaDetailsDto.cs(31,23): warning CS8618: Non-nullable property 'SailNumber' must contain a non-null value when exiting constructor. Consider adding the 'required' modifier or declaring the property as nullable. [C:\Projects\race-committee\api\api.csproj]
C:\Projects\race-committee\api\Models\DTOs\RegattaDetailsDto.cs(32,23): warning CS8618: Non-nullable property 'OwnerName' must contain a non-null value when exiting constructor. Consider adding the 'required' modifier or declaring the property as nullable. [C:\Projects\race-committee\api\api.csproj]
C:\Projects\race-committee\api\Models\DTOs\RegattaDetailsDto.cs(34,23): warning CS8618: Non-nullable property 'RegistrationStatus' must contain a non-null value when exiting constructor. Consider adding the 'required' modifier or declaring the property as nullable. [C:\Projects\race-committee\api\api.csproj]
C:\Projects\race-committee\api\Models\DTOs\RegattaDetailsDto.cs(9,23): warning CS8618: Non-nullable property 'Name' must contain a non-null value when exiting constructor. Consider adding the 'required' modifier or declaring the property as nullable. [C:\Projects\race-committee\api\api.csproj]
C:\Projects\race-committee\api\Models\DTOs\RegattaDetailsDto.cs(10,23): warning CS8618: Non-nullable property 'Organization' must contain a non-null value when exiting constructor. Consider adding the 'required' modifier or declaring the property as nullable. [C:\Projects\race-committee\api\api.csproj]
C:\Projects\race-committee\api\Models\DTOs\RegattaDetailsDto.cs(13,23): warning CS8618: Non-nullable property 'Location' must contain a non-null value when exiting constructor. Consider adding the 'required' modifier or declaring the property as nullable. [C:\Projects\race-committee\api\api.csproj]
C:\Projects\race-committee\api\Models\DTOs\RegattaDetailsDto.cs(14,23): warning CS8618: Non-nullable property 'Status' must contain a non-null value when exiting constructor. Consider adding the 'required' modifier or declaring the property as nullable. [C:\Projects\race-committee\api\api.csproj]
C:\Projects\race-committee\api\Models\DTOs\RegattaDetailsDto.cs(20,37): warning CS8618: Non-nullable property 'Races' must contain a non-null value when exiting constructor. Consider adding the 'required' modifier or declaring the property as nullable. [C:\Projects\race-committee\api\api.csproj]
C:\Projects\race-committee\api\Models\DTOs\RegattaDetailsDto.cs(21,38): warning CS8618: Non-nullable property 'Entries' must contain a non-null value when exiting constructor. Consider adding the 'required' modifier or declaring the property as nullable. [C:\Projects\race-committee\api\api.csproj]
C:\Projects\race-committee\api\Models\DTOs\RegattaDetailsDto.cs(22,38): warning CS8618: Non-nullable property 'Fleets' must contain a non-null value when exiting constructor. Consider adding the 'required' modifier or declaring the property as nullable. [C:\Projects\race-committee\api\api.csproj]
C:\Projects\race-committee\api\Models\DTOs\ManagementDtos.cs(33,23): warning CS8618: Non-nullable property 'Name' must contain a non-null value when exiting constructor. Consider adding the 'required' modifier or declaring the property as nullable. [C:\Projects\race-committee\api\api.csproj]
C:\Projects\race-committee\api\Models\DTOs\ManagementDtos.cs(34,23): warning CS8618: Non-nullable property 'Organization' must contain a non-null value when exiting constructor. Consider adding the 'required' modifier or declaring the property as nullable. [C:\Projects\race-committee\api\api.csproj]
C:\Projects\race-committee\api\Models\DTOs\ManagementDtos.cs(37,23): warning CS8618: Non-nullable property 'Location' must contain a non-null value when exiting constructor. Consider adding the 'required' modifier or declaring the property as nullable. [C:\Projects\race-committee\api\api.csproj]
C:\Projects\race-committee\api\Models\DTOs\ManagementDtos.cs(38,23): warning CS8618: Non-nullable property 'Status' must contain a non-null value when exiting constructor. Consider adding the 'required' modifier or declaring the property as nullable. [C:\Projects\race-committee\api\api.csproj]
C:\Projects\race-committee\api\Services\ScoringService.cs(43,31): warning CS8629: Nullable value type may be null. [C:\Projects\race-committee\api\api.csproj]
C:\Projects\race-committee\api\Models\DTOs\ManagementDtos.cs(25,23): warning CS8618: Non-nullable property 'Name' must contain a non-null value when exiting constructor. Consider adding the 'required' modifier or declaring the property as nullable. [C:\Projects\race-committee\api\api.csproj]
C:\Projects\race-committee\api\Models\DTOs\ManagementDtos.cs(17,23): warning CS8618: Non-nullable property 'Name' must contain a non-null value when exiting constructor. Consider adding the 'required' modifier or declaring the property as nullable. [C:\Projects\race-committee\api\api.csproj]
C:\Projects\race-committee\api\Models\DTOs\ManagementDtos.cs(9,23): warning CS8618: Non-nullable property 'Name' must contain a non-null value when exiting constructor. Consider adding the 'required' modifier or declaring the property as nullable. [C:\Projects\race-committee\api\api.csproj]
C:\Projects\race-committee\api\Models\DTOs\CreateRegattaDto.cs(9,23): warning CS8618: Non-nullable property 'Name' must contain a non-null value when exiting constructor. Consider adding the 'required' modifier or declaring the property as nullable. [C:\Projects\race-committee\api\api.csproj]
C:\Projects\race-committee\api\Models\DTOs\CreateRegattaDto.cs(11,23): warning CS8618: Non-nullable property 'Organization' must contain a non-null value when exiting constructor. Consider adding the 'required' modifier or declaring the property as nullable. [C:\Projects\race-committee\api\api.csproj]
C:\Projects\race-committee\api\Models\DTOs\CreateRegattaDto.cs(16,23): warning CS8618: Non-nullable property 'Location' must contain a non-null value when exiting constructor. Consider adding the 'required' modifier or declaring the property as nullable. [C:\Projects\race-committee\api\api.csproj]
C:\Projects\race-committee\api\Models\DTOs\CreateRaceDto.cs(9,23): warning CS8618: Non-nullable property 'Name' must contain a non-null value when exiting constructor. Consider adding the 'required' modifier or declaring the property as nullable. [C:\Projects\race-committee\api\api.csproj]
C:\Projects\race-committee\api\Models\Certificate.cs(10,21): warning CS8618: Non-nullable property 'Boat' must contain a non-null value when exiting constructor. Consider adding the 'required' modifier or declaring the property as nullable. [C:\Projects\race-committee\api\api.csproj]
C:\Projects\race-committee\api\Models\Certificate.cs(12,23): warning CS8618: Non-nullable property 'CertificateType' must contain a non-null value when exiting constructor. Consider adding the 'required' modifier or declaring the property as nullable. [C:\Projects\race-committee\api\api.csproj]
C:\Projects\race-committee\api\Models\Certificate.cs(14,23): warning CS8618: Non-nullable property 'CertificateNumber' must contain a non-null value when exiting constructor. Consider adding the 'required' modifier or declaring the property as nullable. [C:\Projects\race-committee\api\api.csproj]
C:\Projects\race-committee\api\Models\Certificate.cs(21,23): warning CS8618: Non-nullable property 'RawData' must contain a non-null value when exiting constructor. Consider adding the 'required' modifier or declaring the property as nullable. [C:\Projects\race-committee\api\api.csproj]
C:\Projects\race-committee\api\Controllers\BoatsController.cs(31,20): warning CS8603: Possible null reference return. [C:\Projects\race-committee\api\api.csproj]
C:\Projects\race-committee\api\Services\RegattasService.cs(169,41): warning CS8601: Possible null reference assignment. [C:\Projects\race-committee\api\api.csproj]
C:\Projects\race-committee\api\Services\RegattasService.cs(165,38): warning CS8601: Possible null reference assignment. [C:\Projects\race-committee\api\api.csproj]
C:\Projects\race-committee\api\Services\RegattasService.cs(151,25): warning CS8601: Possible null reference assignment. [C:\Projects\race-committee\api\api.csproj]
C:\Projects\race-committee\api\Services\RegattasService.cs(179,27): warning CS8601: Possible null reference assignment. [C:\Projects\race-committee\api\api.csproj]
C:\Projects\race-committee\api\Services\RegattasService.cs(192,26): warning CS8601: Possible null reference assignment. [C:\Projects\race-committee\api\api.csproj]
  api -> C:\Projects\race-committee\api\bin\Debug\net10.0\api.dll

Build succeeded.

C:\Projects\race-committee\api\Models\DTOs\BoatDto.cs(22,23): warning CS8618: Non-nullable property 'BoatName' must contain a non-null value when exiting constructor. Consider adding the 'required' modifier or declaring the property as nullable. [C:\Projects\race-committee\api\api.csproj]
C:\Projects\race-committee\api\Models\DTOs\BoatDto.cs(23,23): warning CS8618: Non-nullable property 'SailNumber' must contain a non-null value when exiting constructor. Consider adding the 'required' modifier or declaring the property as nullable. [C:\Projects\race-committee\api\api.csproj]
C:\Projects\race-committee\api\Models\DTOs\BoatDto.cs(24,23): warning CS8618: Non-nullable property 'MakeModel' must contain a non-null value when exiting constructor. Consider adding the 'required' modifier or declaring the property as nullable. [C:\Projects\race-committee\api\api.csproj]
C:\Projects\race-committee\api\Models\DTOs\BoatDto.cs(14,23): warning CS8618: Non-nullable property 'BoatName' must contain a non-null value when exiting constructor. Consider adding the 'required' modifier or declaring the property as nullable. [C:\Projects\race-committee\api\api.csproj]
C:\Projects\race-committee\api\Models\DTOs\BoatDto.cs(15,23): warning CS8618: Non-nullable property 'SailNumber' must contain a non-null value when exiting constructor. Consider adding the 'required' modifier or declaring the property as nullable. [C:\Projects\race-committee\api\api.csproj]
C:\Projects\race-committee\api\Models\DTOs\BoatDto.cs(16,23): warning CS8618: Non-nullable property 'MakeModel' must contain a non-null value when exiting constructor. Consider adding the 'required' modifier or declaring the property as nullable. [C:\Projects\race-committee\api\api.csproj]
C:\Projects\race-committee\api\Models\DTOs\BoatDto.cs(6,23): warning CS8618: Non-nullable property 'BoatName' must contain a non-null value when exiting constructor. Consider adding the 'required' modifier or declaring the property as nullable. [C:\Projects\race-committee\api\api.csproj]
C:\Projects\race-committee\api\Models\DTOs\BoatDto.cs(7,23): warning CS8618: Non-nullable property 'SailNumber' must contain a non-null value when exiting constructor. Consider adding the 'required' modifier or declaring the property as nullable. [C:\Projects\race-committee\api\api.csproj]
C:\Projects\race-committee\api\Models\DTOs\BoatDto.cs(8,23): warning CS8618: Non-nullable property 'MakeModel' must contain a non-null value when exiting constructor. Consider adding the 'required' modifier or declaring the property as nullable. [C:\Projects\race-committee\api\api.csproj]
C:\Projects\race-committee\api\Models\RegattaCommittee.cs(13,24): warning CS8618: Non-nullable property 'Regatta' must contain a non-null value when exiting constructor. Consider adding the 'required' modifier or declaring the property as nullable. [C:\Projects\race-committee\api\api.csproj]
C:\Projects\race-committee\api\Models\RegattaCommittee.cs(15,23): warning CS8618: Non-nullable property 'UserId' must contain a non-null value when exiting constructor. Consider adding the 'required' modifier or declaring the property as nullable. [C:\Projects\race-committee\api\api.csproj]
C:\Projects\race-committee\api\Models\RegattaCommittee.cs(16,32): warning CS8618: Non-nullable property 'User' must contain a non-null value when exiting constructor. Consider adding the 'required' modifier or declaring the property as nullable. [C:\Projects\race-committee\api\api.csproj]
C:\Projects\race-committee\api\Models\RegattaCommittee.cs(18,23): warning CS8618: Non-nullable property 'Role' must contain a non-null value when exiting constructor. Consider adding the 'required' modifier or declaring the property as nullable. [C:\Projects\race-committee\api\api.csproj]
C:\Projects\race-committee\api\Models\Regatta.cs(12,23): warning CS8618: Non-nullable property 'Slug' must contain a non-null value when exiting constructor. Consider adding the 'required' modifier or declaring the property as nullable. [C:\Projects\race-committee\api\api.csproj]
C:\Projects\race-committee\api\Models\Regatta.cs(15,23): warning CS8618: Non-nullable property 'Name' must contain a non-null value when exiting constructor. Consider adding the 'required' modifier or declaring the property as nullable. [C:\Projects\race-committee\api\api.csproj]
C:\Projects\race-committee\api\Models\Regatta.cs(17,23): warning CS8618: Non-nullable property 'Organization' must contain a non-null value when exiting constructor. Consider adding the 'required' modifier or declaring the property as nullable. [C:\Projects\race-committee\api\api.csproj]
C:\Projects\race-committee\api\Models\Regatta.cs(22,23): warning CS8618: Non-nullable property 'Location' must contain a non-null value when exiting constructor. Consider adding the 'required' modifier or declaring the property as nullable. [C:\Projects\race-committee\api\api.csproj]
C:\Projects\race-committee\api\Models\Regatta.cs(23,23): warning CS8618: Non-nullable property 'Status' must contain a non-null value when exiting constructor. Consider adding the 'required' modifier or declaring the property as nullable. [C:\Projects\race-committee\api\api.csproj]
C:\Projects\race-committee\api\Models\Regatta.cs(25,46): warning CS8618: Non-nullable property 'CommitteeMembers' must contain a non-null value when exiting constructor. Consider adding the 'required' modifier or declaring the property as nullable. [C:\Projects\race-committee\api\api.csproj]
C:\Projects\race-committee\api\Models\Regatta.cs(26,35): warning CS8618: Non-nullable property 'Fleets' must contain a non-null value when exiting constructor. Consider adding the 'required' modifier or declaring the property as nullable. [C:\Projects\race-committee\api\api.csproj]
C:\Projects\race-committee\api\Models\Regatta.cs(27,35): warning CS8618: Non-nullable property 'Entries' must contain a non-null value when exiting constructor. Consider adding the 'required' modifier or declaring the property as nullable. [C:\Projects\race-committee\api\api.csproj]
C:\Projects\race-committee\api\Models\Regatta.cs(28,34): warning CS8618: Non-nullable property 'Races' must contain a non-null value when exiting constructor. Consider adding the 'required' modifier or declaring the property as nullable. [C:\Projects\race-committee\api\api.csproj]
C:\Projects\race-committee\api\Models\RaceFleet.cs(10,21): warning CS8618: Non-nullable property 'Race' must contain a non-null value when exiting constructor. Consider adding the 'required' modifier or declaring the property as nullable. [C:\Projects\race-committee\api\api.csproj]
C:\Projects\race-committee\api\Models\RaceFleet.cs(13,22): warning CS8618: Non-nullable property 'Fleet' must contain a non-null value when exiting constructor. Consider adding the 'required' modifier or declaring the property as nullable. [C:\Projects\race-committee\api\api.csproj]
C:\Projects\race-committee\api\Models\RaceFleet.cs(22,23): warning CS8618: Non-nullable property 'ScoringParameters' must contain a non-null value when exiting constructor. Consider adding the 'required' modifier or declaring the property as nullable. [C:\Projects\race-committee\api\api.csproj]
C:\Projects\race-committee\api\Models\Race.cs(10,24): warning CS8618: Non-nullable property 'Regatta' must contain a non-null value when exiting constructor. Consider adding the 'required' modifier or declaring the property as nullable. [C:\Projects\race-committee\api\api.csproj]
C:\Projects\race-committee\api\Models\Race.cs(13,22): warning CS8618: Non-nullable property 'Fleet' must contain a non-null value when exiting constructor. Consider adding the 'required' modifier or declaring the property as nullable. [C:\Projects\race-committee\api\api.csproj]
C:\Projects\race-committee\api\Models\Race.cs(21,23): warning CS8618: Non-nullable property 'Name' must contain a non-null value when exiting constructor. Consider adding the 'required' modifier or declaring the property as nullable. [C:\Projects\race-committee\api\api.csproj]
C:\Projects\race-committee\api\Models\Race.cs(26,23): warning CS8618: Non-nullable property 'Status' must contain a non-null value when exiting constructor. Consider adding the 'required' modifier or declaring the property as nullable. [C:\Projects\race-committee\api\api.csproj]
C:\Projects\race-committee\api\Models\Race.cs(27,23): warning CS8618: Non-nullable property 'ScoringParameters' must contain a non-null value when exiting constructor. Consider adding the 'required' modifier or declaring the property as nullable. [C:\Projects\race-committee\api\api.csproj]
C:\Projects\race-committee\api\Models\Race.cs(29,39): warning CS8618: Non-nullable property 'ParticipatingFleets' must contain a non-null value when exiting constructor. Consider adding the 'required' modifier or declaring the property as nullable. [C:\Projects\race-committee\api\api.csproj]
C:\Projects\race-committee\api\Models\Race.cs(30,36): warning CS8618: Non-nullable property 'Finishes' must contain a non-null value when exiting constructor. Consider adding the 'required' modifier or declaring the property as nullable. [C:\Projects\race-committee\api\api.csproj]
C:\Projects\race-committee\api\Models\Fleet.cs(11,24): warning CS8618: Non-nullable property 'Regatta' must contain a non-null value when exiting constructor. Consider adding the 'required' modifier or declaring the property as nullable. [C:\Projects\race-committee\api\api.csproj]
C:\Projects\race-committee\api\Models\Fleet.cs(13,23): warning CS8618: Non-nullable property 'Name' must contain a non-null value when exiting constructor. Consider adding the 'required' modifier or declaring the property as nullable. [C:\Projects\race-committee\api\api.csproj]
C:\Projects\race-committee\api\Models\Fleet.cs(17,23): warning CS8618: Non-nullable property 'ScoringConfiguration' must contain a non-null value when exiting constructor. Consider adding the 'required' modifier or declaring the property as nullable. [C:\Projects\race-committee\api\api.csproj]
C:\Projects\race-committee\api\Models\Fleet.cs(19,35): warning CS8618: Non-nullable property 'Entries' must contain a non-null value when exiting constructor. Consider adding the 'required' modifier or declaring the property as nullable. [C:\Projects\race-committee\api\api.csproj]
C:\Projects\race-committee\api\Models\Fleet.cs(20,34): warning CS8618: Non-nullable property 'Races' must contain a non-null value when exiting constructor. Consider adding the 'required' modifier or declaring the property as nullable. [C:\Projects\race-committee\api\api.csproj]
C:\Projects\race-committee\api\Models\Fleet.cs(21,39): warning CS8618: Non-nullable property 'ParticipatingInRaces' must contain a non-null value when exiting constructor. Consider adding the 'required' modifier or declaring the property as nullable. [C:\Projects\race-committee\api\api.csproj]
C:\Projects\race-committee\api\Models\Finish.cs(12,21): warning CS8618: Non-nullable property 'Race' must contain a non-null value when exiting constructor. Consider adding the 'required' modifier or declaring the property as nullable. [C:\Projects\race-committee\api\api.csproj]
C:\Projects\race-committee\api\Models\Finish.cs(16,22): warning CS8618: Non-nullable property 'Entry' must contain a non-null value when exiting constructor. Consider adding the 'required' modifier or declaring the property as nullable. [C:\Projects\race-committee\api\api.csproj]
C:\Projects\race-committee\api\Models\Finish.cs(30,23): warning CS8618: Non-nullable property 'Code' must contain a non-null value when exiting constructor. Consider adding the 'required' modifier or declaring the property as nullable. [C:\Projects\race-committee\api\api.csproj]
C:\Projects\race-committee\api\Models\Finish.cs(32,23): warning CS8618: Non-nullable property 'Notes' must contain a non-null value when exiting constructor. Consider adding the 'required' modifier or declaring the property as nullable. [C:\Projects\race-committee\api\api.csproj]
C:\Projects\race-committee\api\Models\Entry.cs(12,24): warning CS8618: Non-nullable property 'Regatta' must contain a non-null value when exiting constructor. Consider adding the 'required' modifier or declaring the property as nullable. [C:\Projects\race-committee\api\api.csproj]
C:\Projects\race-committee\api\Models\Entry.cs(16,21): warning CS8618: Non-nullable property 'Boat' must contain a non-null value when exiting constructor. Consider adding the 'required' modifier or declaring the property as nullable. [C:\Projects\race-committee\api\api.csproj]
C:\Projects\race-committee\api\Models\Entry.cs(20,22): warning CS8618: Non-nullable property 'Fleet' must contain a non-null value when exiting constructor. Consider adding the 'required' modifier or declaring the property as nullable. [C:\Projects\race-committee\api\api.csproj]
C:\Projects\race-committee\api\Models\Entry.cs(24,28): warning CS8618: Non-nullable property 'ActiveCertificate' must contain a non-null value when exiting constructor. Consider adding the 'required' modifier or declaring the property as nullable. [C:\Projects\race-committee\api\api.csproj]
C:\Projects\race-committee\api\Models\Entry.cs(26,23): warning CS8618: Non-nullable property 'Configuration' must contain a non-null value when exiting constructor. Consider adding the 'required' modifier or declaring the property as nullable. [C:\Projects\race-committee\api\api.csproj]
C:\Projects\race-committee\api\Models\Entry.cs(28,23): warning CS8618: Non-nullable property 'RatingSnapshot' must contain a non-null value when exiting constructor. Consider adding the 'required' modifier or declaring the property as nullable. [C:\Projects\race-committee\api\api.csproj]
C:\Projects\race-committee\api\Models\Entry.cs(30,23): warning CS8618: Non-nullable property 'RegistrationStatus' must contain a non-null value when exiting constructor. Consider adding the 'required' modifier or declaring the property as nullable. [C:\Projects\race-committee\api\api.csproj]
C:\Projects\race-committee\api\Models\Entry.cs(32,36): warning CS8618: Non-nullable property 'Finishes' must contain a non-null value when exiting constructor. Consider adding the 'required' modifier or declaring the property as nullable. [C:\Projects\race-committee\api\api.csproj]
C:\Projects\race-committee\api\Models\DTOs\UpdateEntryDto.cs(7,23): warning CS8618: Non-nullable property 'RegistrationStatus' must contain a non-null value when exiting constructor. Consider adding the 'required' modifier or declaring the property as nullable. [C:\Projects\race-committee\api\api.csproj]
C:\Projects\race-committee\api\Models\DTOs\RegattaDetailsDto.cs(56,23): warning CS8618: Non-nullable property 'FleetName' must contain a non-null value when exiting constructor. Consider adding the 'required' modifier or declaring the property as nullable. [C:\Projects\race-committee\api\api.csproj]
C:\Projects\race-committee\api\Models\DTOs\RegattaDetailsDto.cs(40,23): warning CS8618: Non-nullable property 'Name' must contain a non-null value when exiting constructor. Consider adding the 'required' modifier or declaring the property as nullable. [C:\Projects\race-committee\api\api.csproj]
C:\Projects\race-committee\api\Models\DTOs\RegattaDetailsDto.cs(43,23): warning CS8618: Non-nullable property 'Status' must contain a non-null value when exiting constructor. Consider adding the 'required' modifier or declaring the property as nullable. [C:\Projects\race-committee\api\api.csproj]
C:\Projects\race-committee\api\Models\DTOs\RegattaDetailsDto.cs(49,42): warning CS8618: Non-nullable property 'RaceFleets' must contain a non-null value when exiting constructor. Consider adding the 'required' modifier or declaring the property as nullable. [C:\Projects\race-committee\api\api.csproj]
C:\Projects\race-committee\api\Models\DTOs\RegattaDetailsDto.cs(29,23): warning CS8618: Non-nullable property 'BoatName' must contain a non-null value when exiting constructor. Consider adding the 'required' modifier or declaring the property as nullable. [C:\Projects\race-committee\api\api.csproj]
C:\Projects\race-committee\api\Models\DTOs\RegattaDetailsDto.cs(30,23): warning CS8618: Non-nullable property 'BoatType' must contain a non-null value when exiting constructor. Consider adding the 'required' modifier or declaring the property as nullable. [C:\Projects\race-committee\api\api.csproj]
C:\Projects\race-committee\api\Models\DTOs\RegattaDetailsDto.cs(31,23): warning CS8618: Non-nullable property 'SailNumber' must contain a non-null value when exiting constructor. Consider adding the 'required' modifier or declaring the property as nullable. [C:\Projects\race-committee\api\api.csproj]
C:\Projects\race-committee\api\Models\DTOs\RegattaDetailsDto.cs(32,23): warning CS8618: Non-nullable property 'OwnerName' must contain a non-null value when exiting constructor. Consider adding the 'required' modifier or declaring the property as nullable. [C:\Projects\race-committee\api\api.csproj]
C:\Projects\race-committee\api\Models\DTOs\RegattaDetailsDto.cs(34,23): warning CS8618: Non-nullable property 'RegistrationStatus' must contain a non-null value when exiting constructor. Consider adding the 'required' modifier or declaring the property as nullable. [C:\Projects\race-committee\api\api.csproj]
C:\Projects\race-committee\api\Models\DTOs\RegattaDetailsDto.cs(9,23): warning CS8618: Non-nullable property 'Name' must contain a non-null value when exiting constructor. Consider adding the 'required' modifier or declaring the property as nullable. [C:\Projects\race-committee\api\api.csproj]
C:\Projects\race-committee\api\Models\DTOs\RegattaDetailsDto.cs(10,23): warning CS8618: Non-nullable property 'Organization' must contain a non-null value when exiting constructor. Consider adding the 'required' modifier or declaring the property as nullable. [C:\Projects\race-committee\api\api.csproj]
C:\Projects\race-committee\api\Models\DTOs\RegattaDetailsDto.cs(13,23): warning CS8618: Non-nullable property 'Location' must contain a non-null value when exiting constructor. Consider adding the 'required' modifier or declaring the property as nullable. [C:\Projects\race-committee\api\api.csproj]
C:\Projects\race-committee\api\Models\DTOs\RegattaDetailsDto.cs(14,23): warning CS8618: Non-nullable property 'Status' must contain a non-null value when exiting constructor. Consider adding the 'required' modifier or declaring the property as nullable. [C:\Projects\race-committee\api\api.csproj]
C:\Projects\race-committee\api\Models\DTOs\RegattaDetailsDto.cs(20,37): warning CS8618: Non-nullable property 'Races' must contain a non-null value when exiting constructor. Consider adding the 'required' modifier or declaring the property as nullable. [C:\Projects\race-committee\api\api.csproj]
C:\Projects\race-committee\api\Models\DTOs\RegattaDetailsDto.cs(21,38): warning CS8618: Non-nullable property 'Entries' must contain a non-null value when exiting constructor. Consider adding the 'required' modifier or declaring the property as nullable. [C:\Projects\race-committee\api\api.csproj]
C:\Projects\race-committee\api\Models\DTOs\RegattaDetailsDto.cs(22,38): warning CS8618: Non-nullable property 'Fleets' must contain a non-null value when exiting constructor. Consider adding the 'required' modifier or declaring the property as nullable. [C:\Projects\race-committee\api\api.csproj]
C:\Projects\race-committee\api\Models\DTOs\ManagementDtos.cs(33,23): warning CS8618: Non-nullable property 'Name' must contain a non-null value when exiting constructor. Consider adding the 'required' modifier or declaring the property as nullable. [C:\Projects\race-committee\api\api.csproj]
C:\Projects\race-committee\api\Models\DTOs\ManagementDtos.cs(34,23): warning CS8618: Non-nullable property 'Organization' must contain a non-null value when exiting constructor. Consider adding the 'required' modifier or declaring the property as nullable. [C:\Projects\race-committee\api\api.csproj]
C:\Projects\race-committee\api\Models\DTOs\ManagementDtos.cs(37,23): warning CS8618: Non-nullable property 'Location' must contain a non-null value when exiting constructor. Consider adding the 'required' modifier or declaring the property as nullable. [C:\Projects\race-committee\api\api.csproj]
C:\Projects\race-committee\api\Models\DTOs\ManagementDtos.cs(38,23): warning CS8618: Non-nullable property 'Status' must contain a non-null value when exiting constructor. Consider adding the 'required' modifier or declaring the property as nullable. [C:\Projects\race-committee\api\api.csproj]
C:\Projects\race-committee\api\Services\ScoringService.cs(43,31): warning CS8629: Nullable value type may be null. [C:\Projects\race-committee\api\api.csproj]
C:\Projects\race-committee\api\Models\DTOs\ManagementDtos.cs(25,23): warning CS8618: Non-nullable property 'Name' must contain a non-null value when exiting constructor. Consider adding the 'required' modifier or declaring the property as nullable. [C:\Projects\race-committee\api\api.csproj]
C:\Projects\race-committee\api\Models\DTOs\ManagementDtos.cs(17,23): warning CS8618: Non-nullable property 'Name' must contain a non-null value when exiting constructor. Consider adding the 'required' modifier or declaring the property as nullable. [C:\Projects\race-committee\api\api.csproj]
C:\Projects\race-committee\api\Models\DTOs\ManagementDtos.cs(9,23): warning CS8618: Non-nullable property 'Name' must contain a non-null value when exiting constructor. Consider adding the 'required' modifier or declaring the property as nullable. [C:\Projects\race-committee\api\api.csproj]
C:\Projects\race-committee\api\Models\DTOs\CreateRegattaDto.cs(9,23): warning CS8618: Non-nullable property 'Name' must contain a non-null value when exiting constructor. Consider adding the 'required' modifier or declaring the property as nullable. [C:\Projects\race-committee\api\api.csproj]
C:\Projects\race-committee\api\Models\DTOs\CreateRegattaDto.cs(11,23): warning CS8618: Non-nullable property 'Organization' must contain a non-null value when exiting constructor. Consider adding the 'required' modifier or declaring the property as nullable. [C:\Projects\race-committee\api\api.csproj]
C:\Projects\race-committee\api\Models\DTOs\CreateRegattaDto.cs(16,23): warning CS8618: Non-nullable property 'Location' must contain a non-null value when exiting constructor. Consider adding the 'required' modifier or declaring the property as nullable. [C:\Projects\race-committee\api\api.csproj]
C:\Projects\race-committee\api\Models\DTOs\CreateRaceDto.cs(9,23): warning CS8618: Non-nullable property 'Name' must contain a non-null value when exiting constructor. Consider adding the 'required' modifier or declaring the property as nullable. [C:\Projects\race-committee\api\api.csproj]
C:\Projects\race-committee\api\Models\Certificate.cs(10,21): warning CS8618: Non-nullable property 'Boat' must contain a non-null value when exiting constructor. Consider adding the 'required' modifier or declaring the property as nullable. [C:\Projects\race-committee\api\api.csproj]
C:\Projects\race-committee\api\Models\Certificate.cs(12,23): warning CS8618: Non-nullable property 'CertificateType' must contain a non-null value when exiting constructor. Consider adding the 'required' modifier or declaring the property as nullable. [C:\Projects\race-committee\api\api.csproj]
C:\Projects\race-committee\api\Models\Certificate.cs(14,23): warning CS8618: Non-nullable property 'CertificateNumber' must contain a non-null value when exiting constructor. Consider adding the 'required' modifier or declaring the property as nullable. [C:\Projects\race-committee\api\api.csproj]
C:\Projects\race-committee\api\Models\Certificate.cs(21,23): warning CS8618: Non-nullable property 'RawData' must contain a non-null value when exiting constructor. Consider adding the 'required' modifier or declaring the property as nullable. [C:\Projects\race-committee\api\api.csproj]
C:\Projects\race-committee\api\Controllers\BoatsController.cs(31,20): warning CS8603: Possible null reference return. [C:\Projects\race-committee\api\api.csproj]
C:\Projects\race-committee\api\Services\RegattasService.cs(169,41): warning CS8601: Possible null reference assignment. [C:\Projects\race-committee\api\api.csproj]
C:\Projects\race-committee\api\Services\RegattasService.cs(165,38): warning CS8601: Possible null reference assignment. [C:\Projects\race-committee\api\api.csproj]
C:\Projects\race-committee\api\Services\RegattasService.cs(151,25): warning CS8601: Possible null reference assignment. [C:\Projects\race-committee\api\api.csproj]
C:\Projects\race-committee\api\Services\RegattasService.cs(179,27): warning CS8601: Possible null reference assignment. [C:\Projects\race-committee\api\api.csproj]
C:\Projects\race-committee\api\Services\RegattasService.cs(192,26): warning CS8601: Possible null reference assignment. [C:\Projects\race-committee\api\api.csproj]
    89 Warning(s)
    0 Error(s)

Time Elapsed 00:00:03.62
